###############################################################################
#
# IAR ELF Linker V7.40.3.8902/W32 for ARM                 24/Jul/2015  20:54:49
# Copyright 2007-2015 IAR Systems AB.
#
#    Output file  =  
#        C:\Users\Marko\Desktop\STM32F429I-Discovery_FW_V1.0.1\Projects\Template\EWARM\Template\Exe\Template.out
#    Map file     =  
#        C:\Users\Marko\Desktop\STM32F429I-Discovery_FW_V1.0.1\Projects\Template\EWARM\Template\List\Template.map
#    Command line =  
#        C:\Users\Marko\Desktop\STM32F429I-Discovery_FW_V1.0.1\Projects\Template\EWARM\Template\Obj\main.o
#        C:\Users\Marko\Desktop\STM32F429I-Discovery_FW_V1.0.1\Projects\Template\EWARM\Template\Obj\misc.o
#        C:\Users\Marko\Desktop\STM32F429I-Discovery_FW_V1.0.1\Projects\Template\EWARM\Template\Obj\startup_stm32f429_439xx.o
#        C:\Users\Marko\Desktop\STM32F429I-Discovery_FW_V1.0.1\Projects\Template\EWARM\Template\Obj\stm32f429i_discovery.o
#        C:\Users\Marko\Desktop\STM32F429I-Discovery_FW_V1.0.1\Projects\Template\EWARM\Template\Obj\stm32f429i_discovery_i2c_ee.o
#        C:\Users\Marko\Desktop\STM32F429I-Discovery_FW_V1.0.1\Projects\Template\EWARM\Template\Obj\stm32f429i_discovery_ioe.o
#        C:\Users\Marko\Desktop\STM32F429I-Discovery_FW_V1.0.1\Projects\Template\EWARM\Template\Obj\stm32f429i_discovery_l3gd20.o
#        C:\Users\Marko\Desktop\STM32F429I-Discovery_FW_V1.0.1\Projects\Template\EWARM\Template\Obj\stm32f429i_discovery_lcd.o
#        C:\Users\Marko\Desktop\STM32F429I-Discovery_FW_V1.0.1\Projects\Template\EWARM\Template\Obj\stm32f429i_discovery_sdram.o
#        C:\Users\Marko\Desktop\STM32F429I-Discovery_FW_V1.0.1\Projects\Template\EWARM\Template\Obj\stm32f4xx_adc.o
#        C:\Users\Marko\Desktop\STM32F429I-Discovery_FW_V1.0.1\Projects\Template\EWARM\Template\Obj\stm32f4xx_can.o
#        C:\Users\Marko\Desktop\STM32F429I-Discovery_FW_V1.0.1\Projects\Template\EWARM\Template\Obj\stm32f4xx_crc.o
#        C:\Users\Marko\Desktop\STM32F429I-Discovery_FW_V1.0.1\Projects\Template\EWARM\Template\Obj\stm32f4xx_dbgmcu.o
#        C:\Users\Marko\Desktop\STM32F429I-Discovery_FW_V1.0.1\Projects\Template\EWARM\Template\Obj\stm32f4xx_dcmi.o
#        C:\Users\Marko\Desktop\STM32F429I-Discovery_FW_V1.0.1\Projects\Template\EWARM\Template\Obj\stm32f4xx_dma.o
#        C:\Users\Marko\Desktop\STM32F429I-Discovery_FW_V1.0.1\Projects\Template\EWARM\Template\Obj\stm32f4xx_exti.o
#        C:\Users\Marko\Desktop\STM32F429I-Discovery_FW_V1.0.1\Projects\Template\EWARM\Template\Obj\stm32f4xx_flash.o
#        C:\Users\Marko\Desktop\STM32F429I-Discovery_FW_V1.0.1\Projects\Template\EWARM\Template\Obj\stm32f4xx_fmc.o
#        C:\Users\Marko\Desktop\STM32F429I-Discovery_FW_V1.0.1\Projects\Template\EWARM\Template\Obj\stm32f4xx_gpio.o
#        C:\Users\Marko\Desktop\STM32F429I-Discovery_FW_V1.0.1\Projects\Template\EWARM\Template\Obj\stm32f4xx_i2c.o
#        C:\Users\Marko\Desktop\STM32F429I-Discovery_FW_V1.0.1\Projects\Template\EWARM\Template\Obj\stm32f4xx_it.o
#        C:\Users\Marko\Desktop\STM32F429I-Discovery_FW_V1.0.1\Projects\Template\EWARM\Template\Obj\stm32f4xx_iwdg.o
#        C:\Users\Marko\Desktop\STM32F429I-Discovery_FW_V1.0.1\Projects\Template\EWARM\Template\Obj\stm32f4xx_ltdc.o
#        C:\Users\Marko\Desktop\STM32F429I-Discovery_FW_V1.0.1\Projects\Template\EWARM\Template\Obj\stm32f4xx_pwr.o
#        C:\Users\Marko\Desktop\STM32F429I-Discovery_FW_V1.0.1\Projects\Template\EWARM\Template\Obj\stm32f4xx_rcc.o
#        C:\Users\Marko\Desktop\STM32F429I-Discovery_FW_V1.0.1\Projects\Template\EWARM\Template\Obj\stm32f4xx_rng.o
#        C:\Users\Marko\Desktop\STM32F429I-Discovery_FW_V1.0.1\Projects\Template\EWARM\Template\Obj\stm32f4xx_rtc.o
#        C:\Users\Marko\Desktop\STM32F429I-Discovery_FW_V1.0.1\Projects\Template\EWARM\Template\Obj\stm32f4xx_sdio.o
#        C:\Users\Marko\Desktop\STM32F429I-Discovery_FW_V1.0.1\Projects\Template\EWARM\Template\Obj\stm32f4xx_spi.o
#        C:\Users\Marko\Desktop\STM32F429I-Discovery_FW_V1.0.1\Projects\Template\EWARM\Template\Obj\stm32f4xx_syscfg.o
#        C:\Users\Marko\Desktop\STM32F429I-Discovery_FW_V1.0.1\Projects\Template\EWARM\Template\Obj\stm32f4xx_tim.o
#        C:\Users\Marko\Desktop\STM32F429I-Discovery_FW_V1.0.1\Projects\Template\EWARM\Template\Obj\stm32f4xx_usart.o
#        C:\Users\Marko\Desktop\STM32F429I-Discovery_FW_V1.0.1\Projects\Template\EWARM\Template\Obj\stm32f4xx_wwdg.o
#        C:\Users\Marko\Desktop\STM32F429I-Discovery_FW_V1.0.1\Projects\Template\EWARM\Template\Obj\system_stm32f4xx.o
#        --redirect _Printf=_PrintfSmall --redirect _Scanf=_ScanfSmall -o
#        C:\Users\Marko\Desktop\STM32F429I-Discovery_FW_V1.0.1\Projects\Template\EWARM\Template\Exe\Template.out
#        --map
#        C:\Users\Marko\Desktop\STM32F429I-Discovery_FW_V1.0.1\Projects\Template\EWARM\Template\List\Template.map
#        --config
#        C:\Users\Marko\Desktop\STM32F429I-Discovery_FW_V1.0.1\Projects\Template\EWARM\stm32f4xx_flash.icf
#        --semihosting --entry __iar_program_start --vfe
#
###############################################################################

*******************************************************************************
*** RUNTIME MODEL ATTRIBUTES
***

CppFlavor       = *
__SystemLibrary = DLib


*******************************************************************************
*** PLACEMENT SUMMARY
***

"A1":  place at 0x08000000 { ro section .intvec };
"P1":  place in [from 0x08000000 to 0x081fffff] { ro };
"P2":  place in [from 0x20000000 to 0x2002ffff] { rw, block CSTACK, block HEAP };

  Section            Kind        Address   Size  Object
  -------            ----        -------   ----  ------
"A1":                                     0x1ac
  .intvec            ro code  0x08000000  0x1ac  startup_stm32f429_439xx.o [1]
                            - 0x080001ac  0x1ac

"P1":                                     0xd74
  .text              ro code  0x080001ac  0x2c4  main.o [1]
  .text              ro code  0x08000470   0xd4  stm32f4xx_rcc.o [1]
  .text              ro code  0x08000544   0xb0  stm32f4xx_tim.o [1]
  .text              ro code  0x080005f4   0x9c  stm32f4xx_gpio.o [1]
  .text              ro code  0x08000690   0xb8  stm32f4xx_usart.o [1]
  .text              ro code  0x08000748   0xfc  stm32f4xx_adc.o [1]
  .text              ro code  0x08000844   0x6c  misc.o [1]
  .text              ro code  0x080008b0  0x13c  stm32f4xx_dma.o [1]
  .text              ro code  0x080009ec   0x20  stm32f429i_discovery.o [1]
  .text              ro code  0x08000a0c  0x10c  system_stm32f4xx.o [1]
  .text              ro code  0x08000b18   0xa4  stm32f429i_discovery_i2c_ee.o [1]
  .text              ro code  0x08000bbc   0x48  stm32f4xx_i2c.o [1]
  .text              ro code  0x08000c04   0x40  zero_init3.o [5]
  .text              ro code  0x08000c44   0x2c  copy_init3.o [5]
  .text              ro code  0x08000c70   0x28  data_init.o [5]
  .text              ro code  0x08000c98   0x22  fpinit_M.o [4]
  .iar.init_table    const    0x08000cbc   0x24  - Linker created -
  .text              ro code  0x08000ce0   0x1a  cmain.o [5]
  .text              ro code  0x08000cfa    0x4  low_level_init.o [3]
  .text              ro code  0x08000cfe    0x4  exit.o [3]
  .text              ro code  0x08000d04    0xa  cexit.o [5]
  .text              ro code  0x08000d10   0x14  exit.o [6]
  .text              ro code  0x08000d24   0x12  stm32f4xx_it.o [1]
  .text              ro code  0x08000d38   0x10  startup_stm32f429_439xx.o [1]
  .text              ro code  0x08000d48    0xc  cstartup_M.o [5]
  .text              ro code  0x08000d54    0x4  startup_stm32f429_439xx.o [1]
  .text              ro code  0x08000d58    0x4  startup_stm32f429_439xx.o [1]
  .text              ro code  0x08000d5c    0x4  startup_stm32f429_439xx.o [1]
  .text              ro code  0x08000d60    0x4  startup_stm32f429_439xx.o [1]
  .text              ro code  0x08000d64    0x4  startup_stm32f429_439xx.o [1]
  .text              ro code  0x08000d68    0x4  startup_stm32f429_439xx.o [1]
  .text              ro code  0x08000d6c    0x4  startup_stm32f429_439xx.o [1]
  .text              ro code  0x08000d70    0x4  startup_stm32f429_439xx.o [1]
  .text              ro code  0x08000d74    0x4  startup_stm32f429_439xx.o [1]
  .text              ro code  0x08000d78    0x4  startup_stm32f429_439xx.o [1]
  .text              ro code  0x08000d7c    0x4  startup_stm32f429_439xx.o [1]
  .text              ro code  0x08000d80    0x4  startup_stm32f429_439xx.o [1]
  .text              ro code  0x08000d84    0x4  startup_stm32f429_439xx.o [1]
  .text              ro code  0x08000d88    0x4  startup_stm32f429_439xx.o [1]
  .text              ro code  0x08000d8c    0x4  startup_stm32f429_439xx.o [1]
  .text              ro code  0x08000d90    0x4  startup_stm32f429_439xx.o [1]
  .text              ro code  0x08000d94    0x4  startup_stm32f429_439xx.o [1]
  .text              ro code  0x08000d98    0x4  startup_stm32f429_439xx.o [1]
  .text              ro code  0x08000d9c    0x4  startup_stm32f429_439xx.o [1]
  .text              ro code  0x08000da0    0x4  startup_stm32f429_439xx.o [1]
  .text              ro code  0x08000da4    0x4  startup_stm32f429_439xx.o [1]
  .text              ro code  0x08000da8    0x4  startup_stm32f429_439xx.o [1]
  .text              ro code  0x08000dac    0x4  startup_stm32f429_439xx.o [1]
  .text              ro code  0x08000db0    0x4  startup_stm32f429_439xx.o [1]
  .text              ro code  0x08000db4    0x4  startup_stm32f429_439xx.o [1]
  .text              ro code  0x08000db8    0x4  startup_stm32f429_439xx.o [1]
  .text              ro code  0x08000dbc    0x4  startup_stm32f429_439xx.o [1]
  .text              ro code  0x08000dc0    0x4  startup_stm32f429_439xx.o [1]
  .text              ro code  0x08000dc4    0x4  startup_stm32f429_439xx.o [1]
  .text              ro code  0x08000dc8    0x4  startup_stm32f429_439xx.o [1]
  .text              ro code  0x08000dcc    0x4  startup_stm32f429_439xx.o [1]
  .text              ro code  0x08000dd0    0x4  startup_stm32f429_439xx.o [1]
  .text              ro code  0x08000dd4    0x4  startup_stm32f429_439xx.o [1]
  .text              ro code  0x08000dd8    0x4  startup_stm32f429_439xx.o [1]
  .text              ro code  0x08000ddc    0x4  startup_stm32f429_439xx.o [1]
  .text              ro code  0x08000de0    0x4  startup_stm32f429_439xx.o [1]
  .text              ro code  0x08000de4    0x4  startup_stm32f429_439xx.o [1]
  .text              ro code  0x08000de8    0x4  startup_stm32f429_439xx.o [1]
  .text              ro code  0x08000dec    0x4  startup_stm32f429_439xx.o [1]
  .text              ro code  0x08000df0    0x4  startup_stm32f429_439xx.o [1]
  .text              ro code  0x08000df4    0x4  startup_stm32f429_439xx.o [1]
  .text              ro code  0x08000df8    0x4  startup_stm32f429_439xx.o [1]
  .text              ro code  0x08000dfc    0x4  startup_stm32f429_439xx.o [1]
  .text              ro code  0x08000e00    0x4  startup_stm32f429_439xx.o [1]
  .text              ro code  0x08000e04    0x4  startup_stm32f429_439xx.o [1]
  .text              ro code  0x08000e08    0x4  startup_stm32f429_439xx.o [1]
  .text              ro code  0x08000e0c    0x4  startup_stm32f429_439xx.o [1]
  .text              ro code  0x08000e10    0x4  startup_stm32f429_439xx.o [1]
  .text              ro code  0x08000e14    0x4  startup_stm32f429_439xx.o [1]
  .text              ro code  0x08000e18    0x4  startup_stm32f429_439xx.o [1]
  .text              ro code  0x08000e1c    0x4  startup_stm32f429_439xx.o [1]
  .text              ro code  0x08000e20    0x4  startup_stm32f429_439xx.o [1]
  .text              ro code  0x08000e24    0x4  startup_stm32f429_439xx.o [1]
  .text              ro code  0x08000e28    0x4  startup_stm32f429_439xx.o [1]
  .text              ro code  0x08000e2c    0x4  startup_stm32f429_439xx.o [1]
  .text              ro code  0x08000e30    0x4  startup_stm32f429_439xx.o [1]
  .text              ro code  0x08000e34    0x4  startup_stm32f429_439xx.o [1]
  .text              ro code  0x08000e38    0x4  startup_stm32f429_439xx.o [1]
  .text              ro code  0x08000e3c    0x4  startup_stm32f429_439xx.o [1]
  .text              ro code  0x08000e40    0x4  startup_stm32f429_439xx.o [1]
  .text              ro code  0x08000e44    0x4  startup_stm32f429_439xx.o [1]
  .text              ro code  0x08000e48    0x4  startup_stm32f429_439xx.o [1]
  .text              ro code  0x08000e4c    0x4  startup_stm32f429_439xx.o [1]
  .text              ro code  0x08000e50    0x4  startup_stm32f429_439xx.o [1]
  .text              ro code  0x08000e54    0x4  startup_stm32f429_439xx.o [1]
  .text              ro code  0x08000e58    0x4  startup_stm32f429_439xx.o [1]
  .text              ro code  0x08000e5c    0x4  startup_stm32f429_439xx.o [1]
  .text              ro code  0x08000e60    0x4  startup_stm32f429_439xx.o [1]
  .text              ro code  0x08000e64    0x4  startup_stm32f429_439xx.o [1]
  .text              ro code  0x08000e68    0x4  startup_stm32f429_439xx.o [1]
  .text              ro code  0x08000e6c    0x4  startup_stm32f429_439xx.o [1]
  .text              ro code  0x08000e70    0x4  startup_stm32f429_439xx.o [1]
  .text              ro code  0x08000e74    0x4  startup_stm32f429_439xx.o [1]
  .text              ro code  0x08000e78    0x4  startup_stm32f429_439xx.o [1]
  .text              ro code  0x08000e7c    0x4  startup_stm32f429_439xx.o [1]
  .text              ro code  0x08000e80    0x4  startup_stm32f429_439xx.o [1]
  .text              ro code  0x08000e84    0x4  startup_stm32f429_439xx.o [1]
  .text              ro code  0x08000e88    0x4  startup_stm32f429_439xx.o [1]
  .text              ro code  0x08000e8c    0x4  startup_stm32f429_439xx.o [1]
  .text              ro code  0x08000e90    0x4  startup_stm32f429_439xx.o [1]
  .text              ro code  0x08000e94    0x4  startup_stm32f429_439xx.o [1]
  .text              ro code  0x08000e98    0x4  startup_stm32f429_439xx.o [1]
  .text              ro code  0x08000e9c    0x4  startup_stm32f429_439xx.o [1]
  .text              ro code  0x08000ea0    0x4  startup_stm32f429_439xx.o [1]
  .text              ro code  0x08000ea4    0x4  startup_stm32f429_439xx.o [1]
  .text              ro code  0x08000ea8    0x4  startup_stm32f429_439xx.o [1]
  .text              ro code  0x08000eac    0x4  startup_stm32f429_439xx.o [1]
  .text              ro code  0x08000eb0    0x4  startup_stm32f429_439xx.o [1]
  .text              ro code  0x08000eb4    0x4  startup_stm32f429_439xx.o [1]
  .text              ro code  0x08000eb8    0x4  startup_stm32f429_439xx.o [1]
  .text              ro code  0x08000ebc    0x4  startup_stm32f429_439xx.o [1]
  .text              ro code  0x08000ec0    0x4  startup_stm32f429_439xx.o [1]
  .text              ro code  0x08000ec4    0x4  startup_stm32f429_439xx.o [1]
  .text              ro code  0x08000ec8    0x4  startup_stm32f429_439xx.o [1]
  .text              ro code  0x08000ecc    0x4  startup_stm32f429_439xx.o [1]
  .text              ro code  0x08000ed0    0x4  startup_stm32f429_439xx.o [1]
  .text              ro code  0x08000ed4    0x4  startup_stm32f429_439xx.o [1]
  .text              ro code  0x08000ed8    0x4  startup_stm32f429_439xx.o [1]
  .text              ro code  0x08000edc    0x4  startup_stm32f429_439xx.o [1]
  .text              ro code  0x08000ee0    0x4  startup_stm32f429_439xx.o [1]
  .rodata            const    0x08000ee4    0x0  zero_init3.o [5]
  .rodata            const    0x08000ee4    0x0  copy_init3.o [5]
  Initializer bytes  const    0x08000ee4   0x3c  <for P2 s0>
                            - 0x08000f20  0xd74

"P2":                                     0x760
  P2 s0                       0x20000000   0x3c  <Init block>
    .data            inited   0x20000000   0x14  system_stm32f4xx.o [1]
    .data            inited   0x20000014   0x10  stm32f429i_discovery_i2c_ee.o [1]
    .data            inited   0x20000024   0x10  stm32f4xx_rcc.o [1]
    .data            inited   0x20000034    0x8  stm32f429i_discovery.o [1]
  .bss               zero     0x2000003c  0x320  main.o [1]
  CSTACK                      0x20000360  0x400  <Block>
    CSTACK           uninit   0x20000360  0x400  <Block tail>
                            - 0x20000760  0x760


*******************************************************************************
*** INIT TABLE
***

          Address     Size
          -------     ----
Zero (__iar_zero_init3)
    1 destination range, total size 0x320:
          0x2000003c  0x320

Copy (__iar_copy_init3)
    1 source range, total size 0x3c:
          0x08000ee4   0x3c
    1 destination range, total size 0x3c:
          0x20000000   0x3c



*******************************************************************************
*** MODULE SUMMARY
***

    Module                         ro code  ro data  rw data
    ------                         -------  -------  -------
C:\Users\Marko\Desktop\STM32F429I-Discovery_FW_V1.0.1\Projects\Template\EWARM\Template\Obj: [1]
    main.o                             708               800
    misc.o                             108
    startup_stm32f429_439xx.o          844
    stm32f429i_discovery.o              32        8        8
    stm32f429i_discovery_i2c_ee.o      164       16       16
    stm32f4xx_adc.o                    252
    stm32f4xx_dma.o                    316
    stm32f4xx_gpio.o                   156
    stm32f4xx_i2c.o                     72
    stm32f4xx_it.o                      18
    stm32f4xx_rcc.o                    212       16       16
    stm32f4xx_tim.o                    176
    stm32f4xx_usart.o                  184
    system_stm32f4xx.o                 268       20       20
    --------------------------------------------------------
    Total:                           3 510       60      860

command line: [2]
    --------------------------------------------------------
    Total:

dl7M_tln.a: [3]
    exit.o                               4
    low_level_init.o                     4
    --------------------------------------------------------
    Total:                               8

m7M_tls.a: [4]
    fpinit_M.o                          34
    --------------------------------------------------------
    Total:                              34

rt7M_tl.a: [5]
    cexit.o                             10
    cmain.o                             26
    copy_init3.o                        44
    cstartup_M.o                        12
    data_init.o                         40
    zero_init3.o                        64
    --------------------------------------------------------
    Total:                             196

shb_l.a: [6]
    exit.o                              20
    --------------------------------------------------------
    Total:                              20

    Gaps                                 6        2
    Linker created                               36    1 024
------------------------------------------------------------
    Grand Total:                     3 774       98    1 884


*******************************************************************************
*** ENTRY LIST
***

Entry                      Address   Size  Type      Object
-----                      -------   ----  ----      ------
.iar.init_table$$Base   0x08000cbc          --   Gb  - Linker created -
.iar.init_table$$Limit  0x08000ce0          --   Gb  - Linker created -
?main                   0x08000ce1         Code  Gb  cmain.o [5]
ADCDoubleConvertedValues
                        0x2000003c  0x320  Data  Gb  main.o [1]
ADC_Cmd                 0x080007a5   0x12  Code  Gb  stm32f4xx_adc.o [1]
ADC_CommonInit          0x08000789   0x1c  Code  Gb  stm32f4xx_adc.o [1]
ADC_Init                0x08000749   0x40  Code  Gb  stm32f4xx_adc.o [1]
ADC_RegularChannelConfig
                        0x080007b7   0x40  Code  Gb  stm32f4xx_adc.o [1]
AHBPrescTable           0x20000000   0x10  Data  Gb  system_stm32f4xx.o [1]
APBAHBPrescTable        0x20000024   0x10  Data  Lc  stm32f4xx_rcc.o [1]
BusFault_Handler        0x08000d2b    0x2  Code  Gb  stm32f4xx_it.o [1]
CSTACK$$Base            0x20000360          --   Gb  - Linker created -
CSTACK$$Limit           0x20000760          --   Gb  - Linker created -
DMA1_Stream2_IRQHandler
                        0x08000b6f   0x34  Code  Gb  stm32f429i_discovery_i2c_ee.o [1]
DMA1_Stream4_IRQHandler
                        0x08000b19   0x4c  Code  Gb  stm32f429i_discovery_i2c_ee.o [1]
DMA2_Stream0_IRQHandler
                        0x0800040b   0x24  Code  Gb  main.o [1]
DMA_ClearFlag           0x08000935   0x1a  Code  Gb  stm32f4xx_dma.o [1]
DMA_ClearITPendingBit   0x080009b9   0x1a  Code  Gb  stm32f4xx_dma.o [1]
DMA_Cmd                 0x08000901   0x12  Code  Gb  stm32f4xx_dma.o [1]
DMA_GetFlagStatus       0x08000913   0x22  Code  Gb  stm32f4xx_dma.o [1]
DMA_GetITStatus         0x0800097b   0x3e  Code  Gb  stm32f4xx_dma.o [1]
DMA_ITConfig            0x0800094f   0x2c  Code  Gb  stm32f4xx_dma.o [1]
DMA_Init                0x080008b1   0x50  Code  Gb  stm32f4xx_dma.o [1]
DebugMon_Handler        0x08000d31    0x2  Code  Gb  stm32f4xx_it.o [1]
GPIO_Init               0x080005f5   0x70  Code  Gb  stm32f4xx_gpio.o [1]
GPIO_PIN                0x08000a08    0x4  Data  Gb  stm32f429i_discovery.o [1]
GPIO_PORT               0x20000034    0x8  Data  Gb  stm32f429i_discovery.o [1]
GPIO_PinAFConfig        0x0800066d   0x24  Code  Gb  stm32f4xx_gpio.o [1]
GPIO_ToggleBits         0x08000665    0x8  Code  Gb  stm32f4xx_gpio.o [1]
HardFault_Handler       0x08000d27    0x2  Code  Gb  stm32f4xx_it.o [1]
I2C_GenerateSTOP        0x08000bbd   0x14  Code  Gb  stm32f4xx_i2c.o [1]
I2C_GetFlagStatus       0x08000bd1   0x34  Code  Gb  stm32f4xx_i2c.o [1]
MemManage_Handler       0x08000d29    0x2  Code  Gb  stm32f4xx_it.o [1]
NMI_Handler             0x08000d25    0x2  Code  Gb  stm32f4xx_it.o [1]
NVIC_Init               0x08000845   0x5a  Code  Gb  misc.o [1]
PendSV_Handler          0x08000d33    0x2  Code  Gb  stm32f4xx_it.o [1]
RCC_AHB1PeriphClockCmd  0x080004f1   0x12  Code  Gb  stm32f4xx_rcc.o [1]
RCC_APB1PeriphClockCmd  0x08000503   0x12  Code  Gb  stm32f4xx_rcc.o [1]
RCC_APB2PeriphClockCmd  0x08000515   0x12  Code  Gb  stm32f4xx_rcc.o [1]
RCC_GetClocksFreq       0x08000471   0x80  Code  Gb  stm32f4xx_rcc.o [1]
Region$$Table$$Base     0x08000cbc          --   Gb  - Linker created -
Region$$Table$$Limit    0x08000ce0          --   Gb  - Linker created -
STM_EVAL_LEDToggle      0x080009ed   0x16  Code  Gb  stm32f429i_discovery.o [1]
SVC_Handler             0x08000d2f    0x2  Code  Gb  stm32f4xx_it.o [1]
SysTick_Handler         0x08000d35    0x2  Code  Gb  stm32f4xx_it.o [1]
SystemCoreClock         0x20000010    0x4  Data  Gb  system_stm32f4xx.o [1]
SystemInit              0x08000a0d   0xea  Code  Gb  system_stm32f4xx.o [1]
TIM2_IRQHandler         0x0800042f   0x1a  Code  Gb  main.o [1]
TIM_ClearITPendingBit   0x080005ed    0x2  Code  Gb  stm32f4xx_tim.o [1]
TIM_Cmd                 0x080005a7   0x14  Code  Gb  stm32f4xx_tim.o [1]
TIM_GenerateEvent       0x080005e9    0x4  Code  Gb  stm32f4xx_tim.o [1]
TIM_ITConfig            0x080005d9   0x10  Code  Gb  stm32f4xx_tim.o [1]
TIM_TimeBaseInit        0x08000545   0x62  Code  Gb  stm32f4xx_tim.o [1]
USART_Cmd               0x08000735   0x14  Code  Gb  stm32f4xx_usart.o [1]
USART_Init              0x08000691   0x9a  Code  Gb  stm32f4xx_usart.o [1]
UsageFault_Handler      0x08000d2d    0x2  Code  Gb  stm32f4xx_it.o [1]
__cmain                 0x08000ce1         Code  Gb  cmain.o [5]
__exit                  0x08000d11   0x14  Code  Gb  exit.o [6]
__iar_copy_init3        0x08000c45   0x2c  Code  Gb  copy_init3.o [5]
__iar_data_init3        0x08000c71   0x28  Code  Gb  data_init.o [5]
__iar_init_vfp          0x08000c99         Code  Gb  fpinit_M.o [4]
__iar_program_start     0x08000d49         Code  Gb  cstartup_M.o [5]
__iar_zero_init3        0x08000c05   0x40  Code  Gb  zero_init3.o [5]
__low_level_init        0x08000cfb    0x4  Code  Gb  low_level_init.o [3]
__vector_table          0x08000000         Data  Gb  startup_stm32f429_439xx.o [1]
_call_main              0x08000ced         Code  Gb  cmain.o [5]
_exit                   0x08000d05         Code  Gb  cexit.o [5]
_main                   0x08000cf7         Code  Gb  cmain.o [5]
exit                    0x08000cff    0x4  Code  Gb  exit.o [3]
main                    0x080001ad  0x248  Code  Gb  main.o [1]
sEEAddress              0x20000016    0x2  Data  Gb  stm32f429i_discovery_i2c_ee.o [1]
sEEDataNum              0x20000014    0x1  Data  Gb  stm32f429i_discovery_i2c_ee.o [1]
sEEDataReadPointer      0x2000001c    0x4  Data  Gb  stm32f429i_discovery_i2c_ee.o [1]
sEEDataWritePointer     0x20000020    0x4  Data  Gb  stm32f429i_discovery_i2c_ee.o [1]
sEETimeout              0x20000018    0x4  Data  Gb  stm32f429i_discovery_i2c_ee.o [1]


[1] = C:\Users\Marko\Desktop\STM32F429I-Discovery_FW_V1.0.1\Projects\Template\EWARM\Template\Obj
[2] = command line
[3] = dl7M_tln.a
[4] = m7M_tls.a
[5] = rt7M_tl.a
[6] = shb_l.a

  3 774 bytes of readonly  code memory
     98 bytes of readonly  data memory
  1 884 bytes of readwrite data memory

Errors: none
Warnings: none
